// Jest Snapshot v1, https://goo.gl/fbAQLP

exports[`Badge renders Badge unchanged 1`] = `
<DocumentFragment>
  <div
    class="inline-flex items-center rounded-lg border px-2.5 py-1 text-sm transition-colors focus:outline-none focus:ring-2 focus:ring-ring focus:ring-offset-2 border-transparent bg-primary text-primary-foreground hover:bg-primary/80"
  />
</DocumentFragment>
`;
