// Jest Snapshot v1, https://goo.gl/fbAQLP

exports[`Projects renders projects page unchanged 1`] = `
<DocumentFragment>
  <div
    class="flex grid-cols-2 flex-col gap-6 md:grid"
    style="position: relative; --glow-size: 300px;"
  >
    <div
      class="h-full rounded-lg relative"
      style="--glow-top: 0px; --glow-left: 0px;"
    >
      <div
        class="h-full rounded-lg after:inset-0.25 pointer-events-none absolute inset-0 mix-blend-soft-light after:absolute after:rounded-[inherit] after:bg-background/90 after:content-['']"
      />
      <div
        class="h-full"
        style="opacity: 0; transform: translateY(10px);"
      >
        <div
          class="shadow-custom-soft grid gap-4 overflow-hidden rounded-lg bg-card px-6 py-4 h-full"
        >
          <div
            class="flex flex-col"
          >
            <div
              class="flex flex-col justify-center gap-4 items-start"
            >
              <div
                class="pt-2 text-sm text-text-light"
              >
                <div
                  class="flex flex-row flex-wrap items-center justify-start mb-0 gap-2 text-sm"
                >
                  <svg
                    class="h-4 w-4"
                    fill="currentColor"
                    height="1em"
                    stroke="currentColor"
                    stroke-width="0"
                    viewBox="0 0 496 512"
                    width="1em"
                    xmlns="http://www.w3.org/2000/svg"
                  >
                    <path
                      d="M165.9 397.4c0 2-2.3 3.6-5.2 3.6-3.3.3-5.6-1.3-5.6-3.6 0-2 2.3-3.6 5.2-3.6 3-.3 5.6 1.3 5.6 3.6zm-31.1-4.5c-.7 2 1.3 4.3 4.3 4.9 2.6 1 5.6 0 6.2-2s-1.3-4.3-4.3-5.2c-2.6-.7-5.5.3-6.2 2.3zm44.2-1.7c-2.9.7-4.9 2.6-4.6 4.9.3 2 2.9 3.3 5.9 2.6 2.9-.7 4.9-2.6 4.6-4.6-.3-1.9-3-3.2-5.9-2.9zM244.8 8C106.1 8 0 113.3 0 252c0 110.9 69.8 205.8 169.5 239.2 12.8 2.3 17.3-5.6 17.3-12.1 0-6.2-.3-40.4-.3-61.4 0 0-70 15-84.7-29.8 0 0-11.4-29.1-27.8-36.6 0 0-22.9-15.7 1.6-15.4 0 0 24.9 2 38.6 25.8 21.9 38.6 58.6 27.5 72.9 20.9 2.3-16 8.8-27.1 16-33.7-55.9-6.2-112.3-14.3-112.3-110.5 0-27.5 7.6-41.3 23.6-58.9-2.6-6.5-11.1-33.3 2.6-67.9 20.9-6.5 69 27 69 27 20-5.6 41.5-8.5 62.8-8.5s42.8 2.9 62.8 8.5c0 0 48.1-33.6 69-27 13.7 34.7 5.2 61.4 2.6 67.9 16 17.7 25.8 31.5 25.8 58.9 0 96.5-58.9 104.2-114.8 110.5 9.2 7.9 17 22.9 17 46.4 0 33.7-.3 75.4-.3 83.6 0 6.5 4.6 14.4 17.3 12.1C428.2 457.8 496 362.9 496 252 496 113.3 383.5 8 244.8 8zM97.2 352.9c-1.3 1-1 3.3.7 5.2 1.6 1.6 3.9 2.3 5.2 1 1.3-1 1-3.3-.7-5.2-1.6-1.6-3.9-2.3-5.2-1zm-10.8-8.1c-.7 1.3.3 2.9 2.3 3.9 1.6 1 3.6.7 4.3-.7.7-1.3-.3-2.9-2.3-3.9-2-.6-3.6-.3-4.3.7zm32.4 35.6c-1.6 1.3-1 4.3 1.3 6.2 2.3 2.3 5.2 2.6 6.5 1 1.3-1.3.7-4.3-1.3-6.2-2.2-2.3-5.2-2.6-6.5-1zm-11.4-14.7c-1.6 1-1.6 3.6 0 5.9 1.6 2.3 4.3 3.3 5.6 2.3 1.6-1.3 1.6-3.9 0-6.2-1.4-2.3-4-3.3-5.6-2z"
                    />
                  </svg>
                  <span>
                    GitHub
                  </span>
                </div>
              </div>
              <div
                class="flex flex-col justify-center gap-2 items-start"
              >
                <h3
                  class="text-lg font-medium leading-none tracking-tight text-title-normal"
                >
                  fabianwaller/Aura
                </h3>
                <p
                  class="text-normal"
                >
                  AuraPvP plugin
                </p>
              </div>
            </div>
          </div>
          <div
            class="flex items-center"
          >
            <div
              class="flex flex-row flex-wrap justify-start gap-x-4 gap-y-3 mb-0 h-full w-full items-end"
            >
              <div
                class="flex flex-row flex-wrap gap-x-4 gap-y-3 w-full items-center justify-between"
              >
                <div
                  class="flex flex-row flex-wrap items-center justify-start gap-4 text-sm text-text-light"
                >
                  <div
                    class="flex flex-row flex-wrap items-center justify-start gap-1"
                  >
                    <svg
                      class="lucide lucide-star h-4 w-4"
                      fill="none"
                      height="24"
                      stroke="currentColor"
                      stroke-linecap="round"
                      stroke-linejoin="round"
                      stroke-width="2"
                      viewBox="0 0 24 24"
                      width="24"
                      xmlns="http://www.w3.org/2000/svg"
                    >
                      <path
                        d="M11.525 2.295a.53.53 0 0 1 .95 0l2.31 4.679a2.123 2.123 0 0 0 1.595 1.16l5.166.756a.53.53 0 0 1 .294.904l-3.736 3.638a2.123 2.123 0 0 0-.611 1.878l.882 5.14a.53.53 0 0 1-.771.56l-4.618-2.428a2.122 2.122 0 0 0-1.973 0L6.396 21.01a.53.53 0 0 1-.77-.56l.881-5.139a2.122 2.122 0 0 0-.611-1.879L2.16 9.795a.53.53 0 0 1 .294-.906l5.165-.755a2.122 2.122 0 0 0 1.597-1.16z"
                      />
                    </svg>
                    0
                  </div>
                  <div
                    class="flex flex-row flex-wrap items-center justify-start gap-1"
                  >
                    <svg
                      class="lucide lucide-calendar h-4 w-4"
                      fill="none"
                      height="24"
                      stroke="currentColor"
                      stroke-linecap="round"
                      stroke-linejoin="round"
                      stroke-width="2"
                      viewBox="0 0 24 24"
                      width="24"
                      xmlns="http://www.w3.org/2000/svg"
                    >
                      <path
                        d="M8 2v4"
                      />
                      <path
                        d="M16 2v4"
                      />
                      <rect
                        height="18"
                        rx="2"
                        width="18"
                        x="3"
                        y="4"
                      />
                      <path
                        d="M3 10h18"
                      />
                    </svg>
                    8.5.2020
                  </div>
                </div>
                <a
                  href="https://github.com/fabianwaller/Aura"
                  target="_blank"
                >
                  <button
                    class="relative inline-flex items-center justify-center gap-1 whitespace-nowrap rounded-md text-sm font-medium ring-offset-background transition-colors focus-visible:outline-none focus-visible:ring-2 focus-visible:ring-ring focus-visible:ring-offset-2 disabled:pointer-events-none disabled:opacity-50 h-10 px-4 py-2 hover:bg-card-foreground hover:text-primary-foreground left-2 ml-auto"
                  >
                    <svg
                      class="lucide lucide-external-link h-4 w-4"
                      fill="none"
                      height="24"
                      stroke="currentColor"
                      stroke-linecap="round"
                      stroke-linejoin="round"
                      stroke-width="2"
                      viewBox="0 0 24 24"
                      width="24"
                      xmlns="http://www.w3.org/2000/svg"
                    >
                      <path
                        d="M15 3h6v6"
                      />
                      <path
                        d="M10 14 21 3"
                      />
                      <path
                        d="M18 13v6a2 2 0 0 1-2 2H5a2 2 0 0 1-2-2V8a2 2 0 0 1 2-2h6"
                      />
                    </svg>
                  </button>
                </a>
              </div>
            </div>
          </div>
        </div>
      </div>
    </div>
  </div>
</DocumentFragment>
`;
